I'm sorry, but errors were detected in your script. Please correct the
errors listed below, and try again.


File "game/screens.rpy", line 872: use statement expects a non-empty block.
    use game_menu(_("{font=SDMiSaeng.ttf}{size=80}항상 감사합니다!{/size}{/font}"), scroll="viewport"):
                                                                                                ^

Ren'Py Version: Ren'Py 7.4.11.2266
Sun Feb 20 22:51:00 2022
